{"time":"2026-08-31T16:22:44.187348756Z","level":"INFO","msg":"listening","mode":"serve","addr":"[::]:8080","base_url":"http://localhost:8080"}
{"time":"2026-08-31T16:23:15.811941356Z","level":"INFO","msg":"http_request","mode":"serve","request_id":"urmom/tuMpj4hNqQ-000005","org_id":"","method":"GET","path":"/favicon.ico","status":404,"duration_ms":0}
{"time":"2026-08-31T16:23:17.491576624Z","level":"INFO","msg":"http_request","mode":"serve","request_id":"urmom/tuMpj4hNqQ-000006","org_id":"","method":"GET","path":"/sw.js","status":404,"duration_ms":0}
{"time":"2026-08-31T16:23:27.969502602Z","level":"INFO","msg":"http_request","mode":"serve","request_id":"urmom/tuMpj4hNqQ-000009","org_id":"","method":"GET","path":"/sw.js","status":404,"duration_ms":0}
{"time":"2026-08-31T16:23:37.708390561Z","level":"INFO","msg":"http_request","mode":"serve","request_id":"urmom/tuMpj4hNqQ-000011","org_id":"fd01c32f-e93d-4e3b-a16d-bf24cbe480bb","method":"GET","path":"/app/","status":303,"duration_ms":0}
{"time":"2026-08-31T16:23:37.805923362Z","level":"INFO","msg":"http_request","mode":"serve","request_id":"urmom/tuMpj4hNqQ-000012","org_id":"fd01c32f-e93d-4e3b-a16d-bf24cbe480bb","method":"GET","path":"/app/jobs","status":200,"duration_ms":83}
{"time":"2026-08-31T16:23:40.07471946Z","level":"INFO","msg":"http_request","mode":"serve","request_id":"urmom/tuMpj4hNqQ-000015","org_id":"fd01c32f-e93d-4e3b-a16d-bf24cbe480bb","method":"GET","path":"/sw.js","status":404,"duration_ms":0}
{"time":"2026-08-31T16:23:47.214661646Z","level":"INFO","msg":"http_request","mode":"serve","request_id":"urmom/tuMpj4hNqQ-000016","org_id":"fd01c32f-e93d-4e3b-a16d-bf24cbe480bb","method":"GET","path":"/app/problems","status":200,"duration_ms":28}
{"time":"2026-08-31T16:23:49.643755569Z","level":"INFO","msg":"http_request","mode":"serve","request_id":"urmom/tuMpj4hNqQ-000018","org_id":"fd01c32f-e93d-4e3b-a16d-bf24cbe480bb","method":"GET","path":"/sw.js","status":404,"duration_ms":0}
{"time":"2026-08-31T16:23:49.650423603Z","level":"INFO","msg":"http_request","mode":"serve","request_id":"urmom/tuMpj4hNqQ-000017","org_id":"fd01c32f-e93d-4e3b-a16d-bf24cbe480bb","method":"GET","path":"/app/problems/e4422c2c-793a-4253-92af-58bf2297cf45/try","status":200,"duration_ms":31}
{"time":"2026-08-31T16:23:52.257361722Z","level":"INFO","msg":"http_request","mode":"serve","request_id":"urmom/tuMpj4hNqQ-000020","org_id":"fd01c32f-e93d-4e3b-a16d-bf24cbe480bb","method":"GET","path":"/sw.js","status":404,"duration_ms":0}
{"time":"2026-08-31T16:25:29.533173538Z","level":"INFO","msg":"http_request","mode":"serve","request_id":"urmom/tuMpj4hNqQ-000022","org_id":"fd01c32f-e93d-4e3b-a16d-bf24cbe480bb","method":"GET","path":"/app/queue","status":200,"duration_ms":90}
{"time":"2026-08-31T16:25:31.885187224Z","level":"INFO","msg":"http_request","mode":"serve","request_id":"urmom/tuMpj4hNqQ-000023","org_id":"fd01c32f-e93d-4e3b-a16d-bf24cbe480bb","method":"GET","path":"/sw.js","status":404,"duration_ms":0}
{"time":"2026-08-31T16:25:32.571563693Z","level":"INFO","msg":"http_request","mode":"serve","request_id":"urmom/tuMpj4hNqQ-000024","org_id":"fd01c32f-e93d-4e3b-a16d-bf24cbe480bb","method":"GET","path":"/app/clients","status":200,"duration_ms":31}
{"time":"2026-08-31T16:25:34.712176251Z","level":"INFO","msg":"http_request","mode":"serve","request_id":"urmom/tuMpj4hNqQ-000025","org_id":"fd01c32f-e93d-4e3b-a16d-bf24cbe480bb","method":"GET","path":"/sw.js","status":404,"duration_ms":0}
{"time":"2026-08-31T16:25:36.039684246Z","level":"INFO","msg":"http_request","mode":"serve","request_id":"urmom/tuMpj4hNqQ-000026","org_id":"fd01c32f-e93d-4e3b-a16d-bf24cbe480bb","method":"GET","path":"/app/clients/new","status":303,"duration_ms":5}
{"time":"2026-08-31T16:25:36.070181924Z","level":"INFO","msg":"http_request","mode":"serve","request_id":"urmom/tuMpj4hNqQ-000027","org_id":"fd01c32f-e93d-4e3b-a16d-bf24cbe480bb","method":"GET","path":"/app/intake/b2d2cf82-20de-4fcf-b580-c57fca8313d6","status":200,"duration_ms":21}
{"time":"2026-08-31T16:25:38.100185491Z","level":"INFO","msg":"http_request","mode":"serve","request_id":"urmom/tuMpj4hNqQ-000028","org_id":"fd01c32f-e93d-4e3b-a16d-bf24cbe480bb","method":"GET","path":"/sw.js","status":404,"duration_ms":0}
{"time":"2026-08-31T16:40:19.126931353Z","level":"INFO","msg":"http_request","mode":"serve","request_id":"urmom/tuMpj4hNqQ-000029","org_id":"fd01c32f-e93d-4e3b-a16d-bf24cbe480bb","method":"POST","path":"/app/intake/b2d2cf82-20de-4fcf-b580-c57fca8313d6/1","status":200,"duration_ms":8}
{"time":"2026-08-31T21:11:11.71755802Z","level":"INFO","msg":"http_request","mode":"serve","request_id":"urmom/tuMpj4hNqQ-000033","org_id":"fd01c32f-e93d-4e3b-a16d-bf24cbe480bb","method":"GET","path":"/sw.js","status":404,"duration_ms":0}
{"time":"2026-08-31T21:11:14.078790484Z","level":"INFO","msg":"http_request","mode":"serve","request_id":"urmom/tuMpj4hNqQ-000034","org_id":"fd01c32f-e93d-4e3b-a16d-bf24cbe480bb","method":"GET","path":"/app/","status":303,"duration_ms":0}
{"time":"2026-08-31T21:11:14.134084932Z","level":"INFO","msg":"http_request","mode":"serve","request_id":"urmom/tuMpj4hNqQ-000035","org_id":"fd01c32f-e93d-4e3b-a16d-bf24cbe480bb","method":"GET","path":"/app/jobs","status":200,"duration_ms":47}
{"time":"2026-08-31T21:11:16.031056719Z","level":"INFO","msg":"http_request","mode":"serve","request_id":"urmom/tuMpj4hNqQ-000038","org_id":"fd01c32f-e93d-4e3b-a16d-bf24cbe480bb","method":"GET","path":"/sw.js","status":404,"duration_ms":0}
{"time":"2026-08-31T21:11:16.223836397Z","level":"INFO","msg":"http_request","mode":"serve","request_id":"urmom/tuMpj4hNqQ-000039","org_id":"fd01c32f-e93d-4e3b-a16d-bf24cbe480bb","method":"GET","path":"/app/jobs/new","status":200,"duration_ms":8}
{"time":"2026-08-31T21:11:18.056567722Z","level":"INFO","msg":"http_request","mode":"serve","request_id":"urmom/tuMpj4hNqQ-000040","org_id":"fd01c32f-e93d-4e3b-a16d-bf24cbe480bb","method":"GET","path":"/sw.js","status":404,"duration_ms":0}
{"time":"2026-08-31T21:11:18.639581012Z","level":"INFO","msg":"http_request","mode":"serve","request_id":"urmom/tuMpj4hNqQ-000041","org_id":"fd01c32f-e93d-4e3b-a16d-bf24cbe480bb","method":"GET","path":"/app/clients","status":200,"duration_ms":16}
{"time":"2026-08-31T21:11:20.407475808Z","level":"INFO","msg":"http_request","mode":"serve","request_id":"urmom/tuMpj4hNqQ-000042","org_id":"fd01c32f-e93d-4e3b-a16d-bf24cbe480bb","method":"GET","path":"/sw.js","status":404,"duration_ms":0}
{"time":"2026-08-31T21:11:20.711886687Z","level":"INFO","msg":"http_request","mode":"serve","request_id":"urmom/tuMpj4hNqQ-000043","org_id":"fd01c32f-e93d-4e3b-a16d-bf24cbe480bb","method":"GET","path":"/app/clients/new","status":303,"duration_ms":1}
{"time":"2026-08-31T21:11:20.727906262Z","level":"INFO","msg":"http_request","mode":"serve","request_id":"urmom/tuMpj4hNqQ-000044","org_id":"fd01c32f-e93d-4e3b-a16d-bf24cbe480bb","method":"GET","path":"/app/intake/b2d2cf82-20de-4fcf-b580-c57fca8313d6","status":200,"duration_ms":11}
{"time":"2026-08-31T21:11:22.559034909Z","level":"INFO","msg":"http_request","mode":"serve","request_id":"urmom/tuMpj4hNqQ-000045","org_id":"fd01c32f-e93d-4e3b-a16d-bf24cbe480bb","method":"GET","path":"/sw.js","status":404,"duration_ms":0}
{"time":"2026-08-31T21:12:03.001388987Z","level":"INFO","msg":"http_request","mode":"serve","request_id":"urmom/tuMpj4hNqQ-000046","org_id":"fd01c32f-e93d-4e3b-a16d-bf24cbe480bb","method":"POST","path":"/app/intake/b2d2cf82-20de-4fcf-b580-c57fca8313d6/2","status":200,"duration_ms":3}
{"time":"2026-08-31T21:12:04.674843323Z","level":"INFO","msg":"http_request","mode":"serve","request_id":"urmom/tuMpj4hNqQ-000047","org_id":"fd01c32f-e93d-4e3b-a16d-bf24cbe480bb","method":"POST","path":"/app/intake/b2d2cf82-20de-4fcf-b580-c57fca8313d6/3","status":200,"duration_ms":2}
{"time":"2026-08-31T21:12:05.645897032Z","level":"INFO","msg":"http_request","mode":"serve","request_id":"urmom/tuMpj4hNqQ-000048","org_id":"fd01c32f-e93d-4e3b-a16d-bf24cbe480bb","method":"POST","path":"/app/intake/b2d2cf82-20de-4fcf-b580-c57fca8313d6/2","status":200,"duration_ms":1}
{"time":"2026-08-31T21:12:06.804962265Z","level":"INFO","msg":"http_request","mode":"serve","request_id":"urmom/tuMpj4hNqQ-000049","org_id":"fd01c32f-e93d-4e3b-a16d-bf24cbe480bb","method":"POST","path":"/app/intake/b2d2cf82-20de-4fcf-b580-c57fca8313d6/1","status":200,"duration_ms":4}
{"time":"2026-08-31T21:12:10.691253982Z","level":"INFO","msg":"http_request","mode":"serve","request_id":"urmom/tuMpj4hNqQ-000050","org_id":"fd01c32f-e93d-4e3b-a16d-bf24cbe480bb","method":"POST","path":"/app/intake/b2d2cf82-20de-4fcf-b580-c57fca8313d6/2","status":200,"duration_ms":2}
{"time":"2026-08-31T21:12:16.296836185Z","level":"INFO","msg":"http_request","mode":"serve","request_id":"urmom/tuMpj4hNqQ-000051","org_id":"fd01c32f-e93d-4e3b-a16d-bf24cbe480bb","method":"POST","path":"/app/intake/b2d2cf82-20de-4fcf-b580-c57fca8313d6/3","status":200,"duration_ms":7}
{"time":"2026-08-31T21:12:25.191404706Z","level":"INFO","msg":"http_request","mode":"serve","request_id":"urmom/tuMpj4hNqQ-000052","org_id":"fd01c32f-e93d-4e3b-a16d-bf24cbe480bb","method":"POST","path":"/app/intake/b2d2cf82-20de-4fcf-b580-c57fca8313d6/4","status":200,"duration_ms":3}
{"time":"2026-08-31T21:12:28.008183478Z","level":"INFO","msg":"http_request","mode":"serve","request_id":"urmom/tuMpj4hNqQ-000053","org_id":"fd01c32f-e93d-4e3b-a16d-bf24cbe480bb","method":"POST","path":"/app/intake/b2d2cf82-20de-4fcf-b580-c57fca8313d6/create","status":303,"duration_ms":25}
{"time":"2026-08-31T21:12:28.033671402Z","level":"INFO","msg":"http_request","mode":"serve","request_id":"urmom/tuMpj4hNqQ-000054","org_id":"fd01c32f-e93d-4e3b-a16d-bf24cbe480bb","method":"GET","path":"/app/jobs/8a7a68c7-e32e-45d7-a693-fbb414403eb8/pipeline","status":200,"duration_ms":15}
{"time":"2026-08-31T21:12:30.257107747Z","level":"INFO","msg":"http_request","mode":"serve","request_id":"urmom/tuMpj4hNqQ-000055","org_id":"fd01c32f-e93d-4e3b-a16d-bf24cbe480bb","method":"GET","path":"/sw.js","status":404,"duration_ms":0}
{"time":"2026-08-31T21:17:25.407295977Z","level":"INFO","msg":"http_request","mode":"serve","request_id":"urmom/tuMpj4hNqQ-000056","org_id":"fd01c32f-e93d-4e3b-a16d-bf24cbe480bb","method":"GET","path":"/app/clients","status":200,"duration_ms":23}
{"time":"2026-08-31T21:17:27.260624992Z","level":"INFO","msg":"http_request","mode":"serve","request_id":"urmom/tuMpj4hNqQ-000057","org_id":"fd01c32f-e93d-4e3b-a16d-bf24cbe480bb","method":"GET","path":"/app/clients/062f6a05-f575-4d3b-a833-de43b61fd4cb","status":200,"duration_ms":20}
{"time":"2026-08-31T21:17:27.431231142Z","level":"INFO","msg":"http_request","mode":"serve","request_id":"urmom/tuMpj4hNqQ-000058","org_id":"fd01c32f-e93d-4e3b-a16d-bf24cbe480bb","method":"GET","path":"/sw.js","status":404,"duration_ms":0}
{"time":"2026-08-31T21:17:29.149057516Z","level":"INFO","msg":"http_request","mode":"serve","request_id":"urmom/tuMpj4hNqQ-000059","org_id":"fd01c32f-e93d-4e3b-a16d-bf24cbe480bb","method":"GET","path":"/sw.js","status":404,"duration_ms":0}
{"time":"2026-08-31T21:17:29.308059699Z","level":"INFO","msg":"http_request","mode":"serve","request_id":"urmom/tuMpj4hNqQ-000060","org_id":"fd01c32f-e93d-4e3b-a16d-bf24cbe480bb","method":"GET","path":"/app/clients/062f6a05-f575-4d3b-a833-de43b61fd4cb","status":200,"duration_ms":18}
{"time":"2026-08-31T21:17:31.097847764Z","level":"INFO","msg":"http_request","mode":"serve","request_id":"urmom/tuMpj4hNqQ-000061","org_id":"fd01c32f-e93d-4e3b-a16d-bf24cbe480bb","method":"GET","path":"/sw.js","status":404,"duration_ms":0}
{"time":"2026-08-31T21:17:32.893592317Z","level":"INFO","msg":"http_request","mode":"serve","request_id":"urmom/tuMpj4hNqQ-000062","org_id":"fd01c32f-e93d-4e3b-a16d-bf24cbe480bb","method":"GET","path":"/app/clients/062f6a05-f575-4d3b-a833-de43b61fd4cb","status":200,"duration_ms":18}
{"time":"2026-08-31T21:17:34.679881712Z","level":"INFO","msg":"http_request","mode":"serve","request_id":"urmom/tuMpj4hNqQ-000063","org_id":"fd01c32f-e93d-4e3b-a16d-bf24cbe480bb","method":"GET","path":"/sw.js","status":404,"duration_ms":0}
{"time":"2026-08-31T21:17:40.978578361Z","level":"INFO","msg":"http_request","mode":"serve","request_id":"urmom/tuMpj4hNqQ-000064","org_id":"fd01c32f-e93d-4e3b-a16d-bf24cbe480bb","method":"GET","path":"/app/queue","status":200,"duration_ms":8}
{"time":"2026-08-31T21:17:42.764034117Z","level":"INFO","msg":"http_request","mode":"serve","request_id":"urmom/tuMpj4hNqQ-000065","org_id":"fd01c32f-e93d-4e3b-a16d-bf24cbe480bb","method":"GET","path":"/sw.js","status":404,"duration_ms":0}
{"time":"2026-08-31T21:17:45.624459064Z","level":"INFO","msg":"http_request","mode":"serve","request_id":"urmom/tuMpj4hNqQ-000066","org_id":"fd01c32f-e93d-4e3b-a16d-bf24cbe480bb","method":"GET","path":"/app/queue","status":200,"duration_ms":7}
{"time":"2026-08-31T21:17:47.643270462Z","level":"INFO","msg":"http_request","mode":"serve","request_id":"urmom/tuMpj4hNqQ-000067","org_id":"fd01c32f-e93d-4e3b-a16d-bf24cbe480bb","method":"GET","path":"/sw.js","status":404,"duration_ms":0}
